// Jest Snapshot v1, https://goo.gl/fbAQLP

exports[`KNNSearch should return results: ES Request 1`] = `
"{"index":"imdb_movies"}
{"aggs":{"type":{"terms":{"field":"type","size":10}},"actors":{"terms":{"field":"actors.keyword","size":10}},"rated":{"terms":{"field":"rated","size":10}}},"query":{"bool":{"filter":[{"bool":{"should":[{"term":{"type":"movie"}}]}}],"must":{"bool":{"should":[{"bool":{"should":[{"multi_match":{"query":"shawshank","fields":["title","actors","query"],"fuzziness":"AUTO:4,8"}},{"multi_match":{"query":"shawshank","fields":["title","actors","query"],"type":"bool_prefix"}}]}},{"multi_match":{"query":"shawshank","type":"phrase","fields":["title","actors","query"]}}]}}}},"knn":{"field":"dense-vector-field","k":10,"num_candidates":100,"query_vector_builder":{"text_embedding":{"model_id":"cookie_model","model_text":"shawshank"}}},"size":20,"from":0,"_source":{"includes":["title","actors","query"]},"highlight":{"pre_tags":["<em>"],"post_tags":["</em>"],"fields":{"title":{"number_of_fragments":0},"actors":{"number_of_fragments":0}}}}
{"index":"imdb_movies"}
{"aggs":{"type":{"terms":{"field":"type","size":10}}},"query":{"bool":{"filter":[],"must":{"bool":{"should":[{"bool":{"should":[{"multi_match":{"query":"shawshank","fields":["title","actors","query"],"fuzziness":"AUTO:4,8"}},{"multi_match":{"query":"shawshank","fields":["title","actors","query"],"type":"bool_prefix"}}]}},{"multi_match":{"query":"shawshank","type":"phrase","fields":["title","actors","query"]}}]}}}},"knn":{"field":"dense-vector-field","k":10,"num_candidates":100,"query_vector_builder":{"text_embedding":{"model_id":"cookie_model","model_text":"shawshank"}}},"size":1,"from":0,"_source":{"includes":["title","actors","query"]},"highlight":{"pre_tags":["<em>"],"post_tags":["</em>"],"fields":{"title":{"number_of_fragments":0},"actors":{"number_of_fragments":0}}}}
"
`;
